---
http_interactions:
- request:
    method: post
    uri: "<API_ENDPOINT>/groups"
    body:
      encoding: UTF-8
      string: '{"group":{"title":"Awesome","descript":"My really awesome group"}}'
    headers:
      User-Agent:
      - ActiveCampaign Ruby Client (v3.0.0)
      Accept:
      - application/json
      Content-Type:
      - application/json
      Api-Token:
      - "<API_KEY>"
      Accept-Encoding:
      - gzip;q=1.0,deflate;q=0.6,identity;q=0.3
  response:
    status:
      code: 201
      message: Created
    headers:
      Date:
      - Sun, 24 May 2020 13:24:22 GMT
      Content-Type:
      - application/json
      Content-Length:
      - '720'
      Connection:
      - keep-alive
      Set-Cookie:
      - PHPSESSID=7a81c5b191a101e565f1f3e51af0305e; path=/; HttpOnly
      - __cfduid=dfc15e16e3215c60bc36583dcfaa536431590326662; expires=Tue, 23-Jun-20
        13:24:22 GMT; path=/; domain=.api-us1.com; HttpOnly; SameSite=Lax
      - em_acp_globalauth_cookie=87eb42ed-55e5-4b06-a9d0-cff244a6d353; path=/; domain=.mhenrixonconsulting1570091019.api-us1.com;
        secure; httponly
      - em_acp_globalauth_cookie=deleted; expires=Thu, 01-Jan-1970 00:00:01 GMT; Max-Age=0;
        path=/; domain=.mhenrixonconsulting1570091019.api-us1.com
      - em_acp_globalauth_cookie=deleted; expires=Thu, 01-Jan-1970 00:00:01 GMT; Max-Age=0;
        path=/; domain=.mhenrixonconsulting1570091019.api-us1.com
      Cache-Control:
      - no-store, no-cache, must-revalidate
      Expires:
      - Thu, 19 Nov 1981 08:52:00 GMT
      Pragma:
      - no-cache
      X-Envoy-Upstream-Service-Time:
      - '75'
      X-Request-Id:
      - 322b64c4-48ca-4f86-ac08-7ee0791ee201
      Cf-Cache-Status:
      - DYNAMIC
      Expect-Ct:
      - max-age=604800, report-uri="https://report-uri.cloudflare.com/cdn-cgi/beacon/expect-ct"
      Server:
      - cloudflare
      Cf-Ray:
      - 598756270988d10d-TXL
      Cf-Request-Id:
      - 02e8742c610000d10d41183200000001
    body:
      encoding: UTF-8
      string: '{"group":{"title":"Awesome","descript":"My really awesome group","p_admin":1,"links":{"userGroups":"https:\/\/mhenrixonconsulting1570091019.api-us1.com\/api\/3\/groups\/84\/userGroups","groupLimit":"https:\/\/mhenrixonconsulting1570091019.api-us1.com\/api\/3\/groups\/84\/groupLimit","dealGroupGroups":"https:\/\/mhenrixonconsulting1570091019.api-us1.com\/api\/3\/groups\/84\/dealGroupGroups","listGroups":"https:\/\/mhenrixonconsulting1570091019.api-us1.com\/api\/3\/groups\/84\/listGroups","addressGroups":"https:\/\/mhenrixonconsulting1570091019.api-us1.com\/api\/3\/groups\/84\/addressGroups","automationGroups":"https:\/\/mhenrixonconsulting1570091019.api-us1.com\/api\/3\/groups\/84\/automationGroups"},"id":"84"}}'
    http_version: null
  recorded_at: Sun, 24 May 2020 13:24:22 GMT
- request:
    method: post
    uri: "<API_ENDPOINT>/users"
    body:
      encoding: UTF-8
      string: '{"user":{"username":"hokus","email":"hokus@pokus.de","firstName":"Hokus","lastName":"Pokus","group":"84","password":"hokuspokus"}}'
    headers:
      User-Agent:
      - ActiveCampaign Ruby Client (v3.0.0)
      Accept:
      - application/json
      Content-Type:
      - application/json
      Api-Token:
      - "<API_KEY>"
      Accept-Encoding:
      - gzip;q=1.0,deflate;q=0.6,identity;q=0.3
  response:
    status:
      code: 201
      message: Created
    headers:
      Date:
      - Sun, 24 May 2020 13:24:23 GMT
      Content-Type:
      - application/json
      Content-Length:
      - '1038'
      Connection:
      - keep-alive
      Set-Cookie:
      - PHPSESSID=2b1a4c1532f3ebd0665b99bc7f3a9993; path=/; HttpOnly
      - __cfduid=d15454509d2eb47cee862630bdc99f85e1590326662; expires=Tue, 23-Jun-20
        13:24:22 GMT; path=/; domain=.api-us1.com; HttpOnly; SameSite=Lax
      - em_acp_globalauth_cookie=98330553-3d0a-4c30-b9cb-effbcec8b54a; path=/; domain=.mhenrixonconsulting1570091019.api-us1.com;
        secure; httponly
      - em_acp_globalauth_cookie=deleted; expires=Thu, 01-Jan-1970 00:00:01 GMT; Max-Age=0;
        path=/; domain=.mhenrixonconsulting1570091019.api-us1.com
      - em_acp_globalauth_cookie=deleted; expires=Thu, 01-Jan-1970 00:00:01 GMT; Max-Age=0;
        path=/; domain=.mhenrixonconsulting1570091019.api-us1.com
      Cache-Control:
      - no-store, no-cache, must-revalidate
      Expires:
      - Thu, 19 Nov 1981 08:52:00 GMT
      Pragma:
      - no-cache
      X-Envoy-Upstream-Service-Time:
      - '291'
      X-Request-Id:
      - fdeeea0e-fbce-4af0-a2b9-b184c4b21a79
      Cf-Cache-Status:
      - DYNAMIC
      Expect-Ct:
      - max-age=604800, report-uri="https://report-uri.cloudflare.com/cdn-cgi/beacon/expect-ct"
      Server:
      - cloudflare
      Cf-Ray:
      - 59875629bf02d11d-TXL
      Cf-Request-Id:
      - 02e8742e110000d11da316c200000001
    body:
      encoding: UTF-8
      string: '{"user":{"username":"hokus","email":"hokus@pokus.de","firstName":"Hokus","lastName":"Pokus","localZoneid":"Europe\/Berlin","cdate":"2020-05-24T08:24:23-05:00","udate":"2020-05-24T08:24:23-05:00","links":{"lists":"https:\/\/mhenrixonconsulting1570091019.api-us1.com\/api\/3\/users\/75\/lists","userGroup":"https:\/\/mhenrixonconsulting1570091019.api-us1.com\/api\/3\/users\/75\/userGroup","dealGroupTotals":"https:\/\/mhenrixonconsulting1570091019.api-us1.com\/api\/3\/users\/75\/dealGroupTotals","dealGroupUsers":"https:\/\/mhenrixonconsulting1570091019.api-us1.com\/api\/3\/users\/75\/dealGroupUsers","configs":"https:\/\/mhenrixonconsulting1570091019.api-us1.com\/api\/3\/users\/75\/configs","dealConnection":"https:\/\/mhenrixonconsulting1570091019.api-us1.com\/api\/3\/users\/75\/dealConnection","userConversationsPermission":"https:\/\/mhenrixonconsulting1570091019.api-us1.com\/api\/3\/users\/75\/userConversationsPermission","seatUser":"https:\/\/mhenrixonconsulting1570091019.api-us1.com\/api\/3\/users\/75\/seatUser"},"id":"75"}}'
    http_version: null
  recorded_at: Sun, 24 May 2020 13:24:23 GMT
- request:
    method: post
    uri: "<API_ENDPOINT>/dealGroups"
    body:
      encoding: UTF-8
      string: '{"dealGroup":{"title":"Bogus Pipeline","currency":"eur","allgroups":1,"allusers":1,"autoassign":1,"users":["75"],"groups":["84"]}}'
    headers:
      User-Agent:
      - ActiveCampaign Ruby Client (v3.0.0)
      Accept:
      - application/json
      Content-Type:
      - application/json
      Api-Token:
      - "<API_KEY>"
      Accept-Encoding:
      - gzip;q=1.0,deflate;q=0.6,identity;q=0.3
  response:
    status:
      code: 201
      message: Created
    headers:
      Date:
      - Sun, 24 May 2020 13:24:24 GMT
      Content-Type:
      - application/json
      Content-Length:
      - '2516'
      Connection:
      - keep-alive
      Set-Cookie:
      - PHPSESSID=0ce649ea30be0d49691d7730eb660bcc; path=/; HttpOnly
      - __cfduid=de49ae27e198452a42951cc496ad6e0481590326663; expires=Tue, 23-Jun-20
        13:24:23 GMT; path=/; domain=.api-us1.com; HttpOnly; SameSite=Lax
      - em_acp_globalauth_cookie=42427d64-13b4-49e0-9283-8be2fd5ee1a9; path=/; domain=.mhenrixonconsulting1570091019.api-us1.com;
        secure; httponly
      - em_acp_globalauth_cookie=deleted; expires=Thu, 01-Jan-1970 00:00:01 GMT; Max-Age=0;
        path=/; domain=.mhenrixonconsulting1570091019.api-us1.com
      - em_acp_globalauth_cookie=deleted; expires=Thu, 01-Jan-1970 00:00:01 GMT; Max-Age=0;
        path=/; domain=.mhenrixonconsulting1570091019.api-us1.com
      Cache-Control:
      - no-store, no-cache, must-revalidate
      Expires:
      - Thu, 19 Nov 1981 08:52:00 GMT
      Pragma:
      - no-cache
      X-Envoy-Upstream-Service-Time:
      - '187'
      X-Request-Id:
      - 0b207e91-25a1-4adf-9e2e-1eb277759476
      Cf-Cache-Status:
      - DYNAMIC
      Expect-Ct:
      - max-age=604800, report-uri="https://report-uri.cloudflare.com/cdn-cgi/beacon/expect-ct"
      Server:
      - cloudflare
      Cf-Ray:
      - 598756302c512d63-TXL
      Cf-Request-Id:
      - 02e874321700002d63c28fd200000001
    body:
      encoding: UTF-8
      string: '{"dealStages":[{"group":"67","title":"To Contact","color":"18D499","order":"1","width":"280","dealOrder":"next-action
        DESC","cardRegion1":"title","cardRegion2":"next-action","cardRegion3":"show-avatar","cardRegion4":"contact-fullname-acctname","cardRegion5":"value","cdate":null,"udate":null,"links":{"group":"https:\/\/mhenrixonconsulting1570091019.api-us1.com\/api\/3\/dealStages\/277\/group"},"id":"277"},{"group":"67","title":"In
        Contact","color":"32B0FC","order":"2","width":"280","dealOrder":"next-action
        DESC","cardRegion1":"title","cardRegion2":"next-action","cardRegion3":"show-avatar","cardRegion4":"contact-fullname-acctname","cardRegion5":"value","cdate":null,"udate":null,"links":{"group":"https:\/\/mhenrixonconsulting1570091019.api-us1.com\/api\/3\/dealStages\/278\/group"},"id":"278"},{"group":"67","title":"Follow
        Up","color":"E6CE4B","order":"3","width":"280","dealOrder":"next-action DESC","cardRegion1":"title","cardRegion2":"next-action","cardRegion3":"show-avatar","cardRegion4":"contact-fullname-acctname","cardRegion5":"value","cdate":null,"udate":null,"links":{"group":"https:\/\/mhenrixonconsulting1570091019.api-us1.com\/api\/3\/dealStages\/279\/group"},"id":"279"}],"dealGroupUsers":[{"dealGroup":"67","user":"75","cdate":null,"links":{"dealGroup":"https:\/\/mhenrixonconsulting1570091019.api-us1.com\/api\/3\/dealGroupUsers\/134\/dealGroup","user":"https:\/\/mhenrixonconsulting1570091019.api-us1.com\/api\/3\/dealGroupUsers\/134\/user"},"id":"134"}],"dealGroupGroups":[{"d_groupid":"67","groupid":"84","cdate":null,"links":{"dealGroup":"https:\/\/mhenrixonconsulting1570091019.api-us1.com\/api\/3\/dealGroupGroups\/67\/dealGroup","group":"https:\/\/mhenrixonconsulting1570091019.api-us1.com\/api\/3\/dealGroupGroups\/67\/group"},"id":"67","dealGroup":"67","group":"84"}],"dealGroup":{"title":"Bogus
        Pipeline","currency":"eur","allgroups":1,"allusers":1,"autoassign":1,"cdate":"2020-05-24T08:24:24-05:00","udate":"2020-05-24T08:24:24-05:00","links":{"stages":"https:\/\/mhenrixonconsulting1570091019.api-us1.com\/api\/3\/dealGroups\/67\/stages","dealGroupUsers":"https:\/\/mhenrixonconsulting1570091019.api-us1.com\/api\/3\/dealGroups\/67\/dealGroupUsers","dealGroupGroups":"https:\/\/mhenrixonconsulting1570091019.api-us1.com\/api\/3\/dealGroups\/67\/dealGroupGroups","winProbabilityFeatures":"https:\/\/mhenrixonconsulting1570091019.api-us1.com\/api\/3\/dealGroups\/67\/winProbabilityFeatures"},"stages":["277","278","279"],"dealGroupUsers":["134"],"dealGroupGroups":["67"],"id":"67"}}'
    http_version: null
  recorded_at: Sun, 24 May 2020 13:24:24 GMT
- request:
    method: post
    uri: "<API_ENDPOINT>/contacts"
    body:
      encoding: UTF-8
      string: '{"contact":{"email":"mikael@mhenrixon.com","firstName":"Mikael","lastName":"Henriksson","phone":"+491735728523"}}'
    headers:
      User-Agent:
      - ActiveCampaign Ruby Client (v3.0.0)
      Accept:
      - application/json
      Content-Type:
      - application/json
      Api-Token:
      - "<API_KEY>"
      Accept-Encoding:
      - gzip;q=1.0,deflate;q=0.6,identity;q=0.3
  response:
    status:
      code: 201
      message: Created
    headers:
      Date:
      - Sun, 24 May 2020 13:24:25 GMT
      Content-Type:
      - application/json
      Content-Length:
      - '2171'
      Connection:
      - keep-alive
      Set-Cookie:
      - PHPSESSID=51a792133751c471e0fc2e32e673fe1d; path=/; HttpOnly
      - __cfduid=de6509be775781c9ad7492a2cf3b32de51590326664; expires=Tue, 23-Jun-20
        13:24:24 GMT; path=/; domain=.api-us1.com; HttpOnly; SameSite=Lax
      - em_acp_globalauth_cookie=c6b6183e-19ee-40bb-add9-b1e7330a33ed; path=/; domain=.mhenrixonconsulting1570091019.api-us1.com;
        secure; httponly
      - em_acp_globalauth_cookie=deleted; expires=Thu, 01-Jan-1970 00:00:01 GMT; Max-Age=0;
        path=/; domain=.mhenrixonconsulting1570091019.api-us1.com
      - em_acp_globalauth_cookie=deleted; expires=Thu, 01-Jan-1970 00:00:01 GMT; Max-Age=0;
        path=/; domain=.mhenrixonconsulting1570091019.api-us1.com
      Access-Control-Allow-Headers:
      - Content-Type, origin, x-requested-with
      Access-Control-Allow-Methods:
      - POST, GET
      Access-Control-Allow-Origin:
      - "*"
      Cache-Control:
      - no-store, no-cache, must-revalidate
      Expires:
      - Thu, 19 Nov 1981 08:52:00 GMT
      Pragma:
      - no-cache
      X-Content-Type-Options:
      - nosniff
      X-Envoy-Upstream-Service-Time:
      - '153'
      X-Request-Id:
      - de5f2e21-5bb4-4c73-bfd0-6ad1bea2314d
      Cf-Cache-Status:
      - DYNAMIC
      Expect-Ct:
      - max-age=604800, report-uri="https://report-uri.cloudflare.com/cdn-cgi/beacon/expect-ct"
      Server:
      - cloudflare
      Cf-Ray:
      - 59875636ef3dd121-TXL
      Cf-Request-Id:
      - 02e87436500000d121a134e200000001
    body:
      encoding: UTF-8
      string: '{"contact":{"email":"mikael@mhenrixon.com","phone":"+491735728523","firstName":"Mikael","lastName":"Henriksson","cdate":"2020-05-24T08:24:24-05:00","udate":"2020-05-24T08:24:24-05:00","orgid":"","orgname":"","links":{"bounceLogs":"https:\/\/mhenrixonconsulting1570091019.api-us1.com\/api\/3\/contacts\/123\/bounceLogs","contactAutomations":"https:\/\/mhenrixonconsulting1570091019.api-us1.com\/api\/3\/contacts\/123\/contactAutomations?limit=1000&orders%5Blastdate%5D=DESC","contactData":"https:\/\/mhenrixonconsulting1570091019.api-us1.com\/api\/3\/contacts\/123\/contactData","contactGoals":"https:\/\/mhenrixonconsulting1570091019.api-us1.com\/api\/3\/contacts\/123\/contactGoals","contactLists":"https:\/\/mhenrixonconsulting1570091019.api-us1.com\/api\/3\/contacts\/123\/contactLists","contactLogs":"https:\/\/mhenrixonconsulting1570091019.api-us1.com\/api\/3\/contacts\/123\/contactLogs","contactTags":"https:\/\/mhenrixonconsulting1570091019.api-us1.com\/api\/3\/contacts\/123\/contactTags","contactDeals":"https:\/\/mhenrixonconsulting1570091019.api-us1.com\/api\/3\/contacts\/123\/contactDeals","deals":"https:\/\/mhenrixonconsulting1570091019.api-us1.com\/api\/3\/contacts\/123\/deals","fieldValues":"https:\/\/mhenrixonconsulting1570091019.api-us1.com\/api\/3\/contacts\/123\/fieldValues","geoIps":"https:\/\/mhenrixonconsulting1570091019.api-us1.com\/api\/3\/contacts\/123\/geoIps","notes":"https:\/\/mhenrixonconsulting1570091019.api-us1.com\/api\/3\/contacts\/123\/notes","organization":"https:\/\/mhenrixonconsulting1570091019.api-us1.com\/api\/3\/contacts\/123\/organization","plusAppend":"https:\/\/mhenrixonconsulting1570091019.api-us1.com\/api\/3\/contacts\/123\/plusAppend","trackingLogs":"https:\/\/mhenrixonconsulting1570091019.api-us1.com\/api\/3\/contacts\/123\/trackingLogs","scoreValues":"https:\/\/mhenrixonconsulting1570091019.api-us1.com\/api\/3\/contacts\/123\/scoreValues","accountContacts":"https:\/\/mhenrixonconsulting1570091019.api-us1.com\/api\/3\/contacts\/123\/accountContacts","automationEntryCounts":"https:\/\/mhenrixonconsulting1570091019.api-us1.com\/api\/3\/contacts\/123\/automationEntryCounts"},"id":"123","organization":""}}'
    http_version: null
  recorded_at: Sun, 24 May 2020 13:24:25 GMT
- request:
    method: post
    uri: "<API_ENDPOINT>/deals"
    body:
      encoding: UTF-8
      string: '{"deal":{"name":"Bogus Deal","dealUrl":"https://www.mhenrixon.com/bogus","title":"Bogus
        Deal","description":"This deal is completely bogus","deal":"bogus-deal","contact":"123","value":156.24,"currency":"eur","group":"67","stage":null,"owner":"75","percent":50,"status":0}}'
    headers:
      User-Agent:
      - ActiveCampaign Ruby Client (v3.0.0)
      Accept:
      - application/json
      Content-Type:
      - application/json
      Api-Token:
      - "<API_KEY>"
      Accept-Encoding:
      - gzip;q=1.0,deflate;q=0.6,identity;q=0.3
  response:
    status:
      code: 201
      message: Created
    headers:
      Date:
      - Sun, 24 May 2020 13:24:25 GMT
      Content-Type:
      - application/json
      Content-Length:
      - '5630'
      Connection:
      - keep-alive
      Set-Cookie:
      - PHPSESSID=c22ded948760a174d3ca3ea9ae77f66a; path=/; HttpOnly
      - __cfduid=ddea9c2980d4a53f76458d04b6ff0b6c41590326665; expires=Tue, 23-Jun-20
        13:24:25 GMT; path=/; domain=.api-us1.com; HttpOnly; SameSite=Lax
      - em_acp_globalauth_cookie=6a709ee1-e409-4b9f-ab42-47966f69de20; path=/; domain=.mhenrixonconsulting1570091019.api-us1.com;
        secure; httponly
      - em_acp_globalauth_cookie=deleted; expires=Thu, 01-Jan-1970 00:00:01 GMT; Max-Age=0;
        path=/; domain=.mhenrixonconsulting1570091019.api-us1.com
      - em_acp_globalauth_cookie=deleted; expires=Thu, 01-Jan-1970 00:00:01 GMT; Max-Age=0;
        path=/; domain=.mhenrixonconsulting1570091019.api-us1.com
      Cache-Control:
      - no-store, no-cache, must-revalidate
      Expires:
      - Thu, 19 Nov 1981 08:52:00 GMT
      Pragma:
      - no-cache
      X-Envoy-Upstream-Service-Time:
      - '201'
      X-Request-Id:
      - 212df069-2f92-4010-a072-84a13f01f224
      Cf-Cache-Status:
      - DYNAMIC
      Expect-Ct:
      - max-age=604800, report-uri="https://report-uri.cloudflare.com/cdn-cgi/beacon/expect-ct"
      Server:
      - cloudflare
      Cf-Ray:
      - 5987563a28ef2d6f-TXL
      Cf-Request-Id:
      - 02e874385c00002d6faab37200000001
    body:
      encoding: UTF-8
      string: '{"contacts":[{"cdate":"2020-05-24T08:24:24-05:00","email":"mikael@mhenrixon.com","phone":"+491735728523","firstName":"Mikael","lastName":"Henriksson","orgid":"0","orgname":"","segmentio_id":"","bounced_hard":"0","bounced_soft":"0","bounced_date":null,"ip":"0","ua":null,"hash":"92c0c2ff760ea84c9737f1d7a2732b6e","socialdata_lastcheck":null,"email_local":"","email_domain":"","sentcnt":"0","rating_tstamp":null,"gravatar":"0","deleted":"0","anonymized":"0","adate":null,"udate":"2020-05-24T08:24:24-05:00","edate":null,"deleted_at":null,"created_utc_timestamp":"2020-05-24
        08:24:24","updated_utc_timestamp":"2020-05-24 08:24:24","created_timestamp":"2020-05-24
        08:24:24","updated_timestamp":"2020-05-24 08:24:24","created_by":null,"updated_by":null,"links":{"bounceLogs":"https:\/\/mhenrixonconsulting1570091019.api-us1.com\/api\/3\/contacts\/123\/bounceLogs","contactAutomations":"https:\/\/mhenrixonconsulting1570091019.api-us1.com\/api\/3\/contacts\/123\/contactAutomations?limit=1000&orders%5Blastdate%5D=DESC","contactData":"https:\/\/mhenrixonconsulting1570091019.api-us1.com\/api\/3\/contacts\/123\/contactData","contactGoals":"https:\/\/mhenrixonconsulting1570091019.api-us1.com\/api\/3\/contacts\/123\/contactGoals","contactLists":"https:\/\/mhenrixonconsulting1570091019.api-us1.com\/api\/3\/contacts\/123\/contactLists","contactLogs":"https:\/\/mhenrixonconsulting1570091019.api-us1.com\/api\/3\/contacts\/123\/contactLogs","contactTags":"https:\/\/mhenrixonconsulting1570091019.api-us1.com\/api\/3\/contacts\/123\/contactTags","contactDeals":"https:\/\/mhenrixonconsulting1570091019.api-us1.com\/api\/3\/contacts\/123\/contactDeals","deals":"https:\/\/mhenrixonconsulting1570091019.api-us1.com\/api\/3\/contacts\/123\/deals","fieldValues":"https:\/\/mhenrixonconsulting1570091019.api-us1.com\/api\/3\/contacts\/123\/fieldValues","geoIps":"https:\/\/mhenrixonconsulting1570091019.api-us1.com\/api\/3\/contacts\/123\/geoIps","notes":"https:\/\/mhenrixonconsulting1570091019.api-us1.com\/api\/3\/contacts\/123\/notes","organization":"https:\/\/mhenrixonconsulting1570091019.api-us1.com\/api\/3\/contacts\/123\/organization","plusAppend":"https:\/\/mhenrixonconsulting1570091019.api-us1.com\/api\/3\/contacts\/123\/plusAppend","trackingLogs":"https:\/\/mhenrixonconsulting1570091019.api-us1.com\/api\/3\/contacts\/123\/trackingLogs","scoreValues":"https:\/\/mhenrixonconsulting1570091019.api-us1.com\/api\/3\/contacts\/123\/scoreValues","accountContacts":"https:\/\/mhenrixonconsulting1570091019.api-us1.com\/api\/3\/contacts\/123\/accountContacts","automationEntryCounts":"https:\/\/mhenrixonconsulting1570091019.api-us1.com\/api\/3\/contacts\/123\/automationEntryCounts"},"id":"123","organization":null}],"dealGroups":[{"title":"Bogus
        Pipeline","currency":"eur","autoassign":"1","allusers":"1","allgroups":"1","win_probability_initialize_date":null,"cdate":"2020-05-24T08:24:24-05:00","udate":"2020-05-24T08:24:24-05:00","links":{"stages":"https:\/\/mhenrixonconsulting1570091019.api-us1.com\/api\/3\/dealGroups\/67\/stages","dealGroupUsers":"https:\/\/mhenrixonconsulting1570091019.api-us1.com\/api\/3\/dealGroups\/67\/dealGroupUsers","dealGroupGroups":"https:\/\/mhenrixonconsulting1570091019.api-us1.com\/api\/3\/dealGroups\/67\/dealGroupGroups","winProbabilityFeatures":"https:\/\/mhenrixonconsulting1570091019.api-us1.com\/api\/3\/dealGroups\/67\/winProbabilityFeatures"},"id":"67"}],"dealStages":[{"group":"67","title":"To
        Contact","color":"18D499","order":"1","width":"280","dealOrder":"next-action
        DESC","cardRegion1":"title","cardRegion2":"next-action","cardRegion3":"show-avatar","cardRegion4":"contact-fullname-acctname","cardRegion5":"value","cdate":null,"udate":null,"links":{"group":"https:\/\/mhenrixonconsulting1570091019.api-us1.com\/api\/3\/dealStages\/277\/group"},"id":"277"}],"deal":{"title":"Bogus
        Deal","description":"This deal is completely bogus","value":156.240000000000009094947017729282379150390625,"currency":"eur","percent":50,"status":0,"contact":"123","group":"67","stage":277,"owner":"75","cdate":"2020-05-24T08:24:25-05:00","mdate":"2020-05-24T08:24:25-05:00","organization":"","nextdate":null,"hash":"78df27ef","winProbability":null,"winProbabilityMdate":null,"links":{"dealActivities":"https:\/\/mhenrixonconsulting1570091019.api-us1.com\/api\/3\/deals\/46\/dealActivities","contact":"https:\/\/mhenrixonconsulting1570091019.api-us1.com\/api\/3\/deals\/46\/contact","contactDeals":"https:\/\/mhenrixonconsulting1570091019.api-us1.com\/api\/3\/deals\/46\/contactDeals","group":"https:\/\/mhenrixonconsulting1570091019.api-us1.com\/api\/3\/deals\/46\/group","nextTask":"https:\/\/mhenrixonconsulting1570091019.api-us1.com\/api\/3\/deals\/46\/nextTask","notes":"https:\/\/mhenrixonconsulting1570091019.api-us1.com\/api\/3\/deals\/46\/notes","account":"https:\/\/mhenrixonconsulting1570091019.api-us1.com\/api\/3\/deals\/46\/account","customerAccount":"https:\/\/mhenrixonconsulting1570091019.api-us1.com\/api\/3\/deals\/46\/customerAccount","organization":"https:\/\/mhenrixonconsulting1570091019.api-us1.com\/api\/3\/deals\/46\/organization","owner":"https:\/\/mhenrixonconsulting1570091019.api-us1.com\/api\/3\/deals\/46\/owner","scoreValues":"https:\/\/mhenrixonconsulting1570091019.api-us1.com\/api\/3\/deals\/46\/scoreValues","stage":"https:\/\/mhenrixonconsulting1570091019.api-us1.com\/api\/3\/deals\/46\/stage","tasks":"https:\/\/mhenrixonconsulting1570091019.api-us1.com\/api\/3\/deals\/46\/tasks","dealCustomFieldData":"https:\/\/mhenrixonconsulting1570091019.api-us1.com\/api\/3\/deals\/46\/dealCustomFieldData"},"id":"46","isDisabled":false,"account":"","customerAccount":""}}'
    http_version: null
  recorded_at: Sun, 24 May 2020 13:24:25 GMT
- request:
    method: post
    uri: "<API_ENDPOINT>/dealCustomFieldMeta"
    body:
      encoding: UTF-8
      string: '{"dealCustomFieldMetum":{"fieldLabel":"title","fieldType":"dropdown","fieldOptions":["option1","option2","option3"],"fieldDefault":"option2","fieldDefaultCurrency":null,"isFormVisible":true,"isRequired":true,"displayOrder":1}}'
    headers:
      User-Agent:
      - ActiveCampaign Ruby Client (v3.0.0)
      Accept:
      - application/json
      Content-Type:
      - application/json
      Api-Token:
      - "<API_KEY>"
      Accept-Encoding:
      - gzip;q=1.0,deflate;q=0.6,identity;q=0.3
  response:
    status:
      code: 201
      message: Created
    headers:
      Date:
      - Sun, 24 May 2020 13:24:26 GMT
      Content-Type:
      - application/json
      Content-Length:
      - '535'
      Connection:
      - keep-alive
      Set-Cookie:
      - PHPSESSID=d533c194bbb70bb7d2c5906b0a6a13db; path=/; HttpOnly
      - __cfduid=dcc25d0ce019352a7673e3eb816e829f91590326665; expires=Tue, 23-Jun-20
        13:24:25 GMT; path=/; domain=.api-us1.com; HttpOnly; SameSite=Lax
      - em_acp_globalauth_cookie=96a16fe7-2226-43d5-ab41-875059d1f1e9; path=/; domain=.mhenrixonconsulting1570091019.api-us1.com;
        secure; httponly
      - em_acp_globalauth_cookie=deleted; expires=Thu, 01-Jan-1970 00:00:01 GMT; Max-Age=0;
        path=/; domain=.mhenrixonconsulting1570091019.api-us1.com
      - em_acp_globalauth_cookie=deleted; expires=Thu, 01-Jan-1970 00:00:01 GMT; Max-Age=0;
        path=/; domain=.mhenrixonconsulting1570091019.api-us1.com
      Cache-Control:
      - no-store, no-cache, must-revalidate
      Expires:
      - Thu, 19 Nov 1981 08:52:00 GMT
      Pragma:
      - no-cache
      X-Envoy-Upstream-Service-Time:
      - '304'
      X-Request-Id:
      - cefad31a-2fd9-4b47-94e4-5eaae3bd83a4
      Cf-Cache-Status:
      - DYNAMIC
      Expect-Ct:
      - max-age=604800, report-uri="https://report-uri.cloudflare.com/cdn-cgi/beacon/expect-ct"
      Server:
      - cloudflare
      Cf-Ray:
      - 5987563d2c2cd10d-TXL
      Cf-Request-Id:
      - 02e8743a340000d10d50b87200000001
    body:
      encoding: UTF-8
      string: '{"dealCustomFieldMetum":{"id":"37","fieldLabel":"title","fieldType":"dropdown","fieldOptions":["option1","option2","option3"],"fieldDefault":"option2","fieldDefaultCurrency":null,"isFormVisible":1,"isRequired":1,"displayOrder":1,"personalization":"DEAL_TITLE_1","knownFieldId":null,"hideFieldFlag":0,"createdTimestamp":"2020-05-24T13:24:26+00:00","updatedTimestamp":"2020-05-24T13:24:26+00:00","links":{"dealCustomFieldData":"https:\/\/mhenrixonconsulting1570091019.api-us1.com\/api\/3\/dealCustomFieldMeta\/37\/dealCustomFieldData"}}}'
    http_version: null
  recorded_at: Sun, 24 May 2020 13:24:26 GMT
- request:
    method: post
    uri: "<API_ENDPOINT>/dealCustomFieldData"
    body:
      encoding: UTF-8
      string: '{"dealCustomFieldDatum":{"dealId":"46","customFieldId":"37","fieldValue":"bogus
        value"}}'
    headers:
      User-Agent:
      - ActiveCampaign Ruby Client (v3.0.0)
      Accept:
      - application/json
      Content-Type:
      - application/json
      Api-Token:
      - "<API_KEY>"
      Accept-Encoding:
      - gzip;q=1.0,deflate;q=0.6,identity;q=0.3
  response:
    status:
      code: 200
      message: OK
    headers:
      Date:
      - Sun, 24 May 2020 13:24:26 GMT
      Content-Type:
      - application/json
      Transfer-Encoding:
      - chunked
      Connection:
      - keep-alive
      Set-Cookie:
      - PHPSESSID=d2da050ee2144de424fd771b05afdb36; path=/; HttpOnly
      - __cfduid=dc072de21ea1732eef6f1767b212c92801590326666; expires=Tue, 23-Jun-20
        13:24:26 GMT; path=/; domain=.api-us1.com; HttpOnly; SameSite=Lax
      - em_acp_globalauth_cookie=deleted; expires=Thu, 01-Jan-1970 00:00:01 GMT; Max-Age=0;
        path=/; domain=.mhenrixonconsulting1570091019.api-us1.com
      - em_acp_globalauth_cookie=deleted; expires=Thu, 01-Jan-1970 00:00:01 GMT; Max-Age=0;
        path=/; domain=.mhenrixonconsulting1570091019.api-us1.com
      - em_acp_globalauth_cookie=e375a2dd-fc93-4d57-bb49-3cde9ae08fb3; path=/; domain=.mhenrixonconsulting1570091019.api-us1.com;
        secure; httponly
      Cache-Control:
      - no-store, no-cache, must-revalidate
      Expires:
      - Thu, 19 Nov 1981 08:52:00 GMT
      Pragma:
      - no-cache
      X-Envoy-Upstream-Service-Time:
      - '292'
      X-Request-Id:
      - 04e2c41d-cfbc-4d13-af2f-723a714c9598
      Cf-Cache-Status:
      - DYNAMIC
      Expect-Ct:
      - max-age=604800, report-uri="https://report-uri.cloudflare.com/cdn-cgi/beacon/expect-ct"
      Server:
      - cloudflare
      Cf-Ray:
      - 59875641e95dd125-TXL
      Cf-Request-Id:
      - 02e8743d330000d125ea133200000001
    body:
      encoding: ASCII-8BIT
      string: '{"dealCustomFieldDatum":{"id":"12","dealCustomFieldMetumId":37,"dealId":46,"customFieldId":37,"createdTimestamp":"2020-05-24T13:24:26+00:00","updatedTimestamp":"2020-05-24T13:24:26+00:00","fieldValue":"bogus
        value","originalValue":"","links":{"deal":"https:\/\/mhenrixonconsulting1570091019.api-us1.com\/api\/3\/dealCustomFieldData\/12\/deal","dealCustomFieldMetum":"https:\/\/mhenrixonconsulting1570091019.api-us1.com\/api\/3\/dealCustomFieldData\/12\/dealCustomFieldMetum"}}}'
    http_version: null
  recorded_at: Sun, 24 May 2020 13:24:27 GMT
- request:
    method: patch
    uri: "<API_ENDPOINT>/dealCustomFieldData/bulkUpdate"
    body:
      encoding: UTF-8
      string: '[{"id":"12","fieldValue":"Awesome Sauce"}]'
    headers:
      User-Agent:
      - ActiveCampaign Ruby Client (v3.0.0)
      Accept:
      - application/json
      Content-Type:
      - application/json
      Api-Token:
      - "<API_KEY>"
      Accept-Encoding:
      - gzip;q=1.0,deflate;q=0.6,identity;q=0.3
  response:
    status:
      code: 200
      message: OK
    headers:
      Date:
      - Sun, 24 May 2020 13:24:27 GMT
      Content-Type:
      - application/json
      Transfer-Encoding:
      - chunked
      Connection:
      - keep-alive
      Set-Cookie:
      - PHPSESSID=99d1866bdc42e2b5aecfba93d60ab6e3; path=/; HttpOnly
      - __cfduid=d93fcff4d7731b3f00f94a7740e83a3551590326667; expires=Tue, 23-Jun-20
        13:24:27 GMT; path=/; domain=.api-us1.com; HttpOnly; SameSite=Lax
      - em_acp_globalauth_cookie=deleted; expires=Thu, 01-Jan-1970 00:00:01 GMT; Max-Age=0;
        path=/; domain=.mhenrixonconsulting1570091019.api-us1.com
      - em_acp_globalauth_cookie=deleted; expires=Thu, 01-Jan-1970 00:00:01 GMT; Max-Age=0;
        path=/; domain=.mhenrixonconsulting1570091019.api-us1.com
      - em_acp_globalauth_cookie=f173423a-3819-4a2e-a0f1-bf53e06c1539; path=/; domain=.mhenrixonconsulting1570091019.api-us1.com;
        secure; httponly
      Cache-Control:
      - no-store, no-cache, must-revalidate
      Expires:
      - Thu, 19 Nov 1981 08:52:00 GMT
      Pragma:
      - no-cache
      X-Envoy-Upstream-Service-Time:
      - '187'
      X-Request-Id:
      - f51cd805-785e-479f-82e4-653ecf025d13
      Cf-Cache-Status:
      - DYNAMIC
      Expect-Ct:
      - max-age=604800, report-uri="https://report-uri.cloudflare.com/cdn-cgi/beacon/expect-ct"
      Server:
      - cloudflare
      Cf-Ray:
      - 59875646eb0fd11d-TXL
      Cf-Request-Id:
      - 02e87440500000d11da7ad1200000001
    body:
      encoding: ASCII-8BIT
      string: '{"message":"DealCustomFieldDatas with ID(s): 12 successfully bulk updated."}'
    http_version: null
  recorded_at: Sun, 24 May 2020 13:24:27 GMT
- request:
    method: delete
    uri: "<API_ENDPOINT>/dealCustomFieldData/12"
    body:
      encoding: US-ASCII
      string: ''
    headers:
      User-Agent:
      - ActiveCampaign Ruby Client (v3.0.0)
      Accept:
      - application/json
      Content-Type:
      - application/json
      Api-Token:
      - "<API_KEY>"
      Accept-Encoding:
      - gzip;q=1.0,deflate;q=0.6,identity;q=0.3
  response:
    status:
      code: 200
      message: OK
    headers:
      Date:
      - Sun, 24 May 2020 13:24:28 GMT
      Content-Type:
      - application/json
      Content-Length:
      - '42'
      Connection:
      - keep-alive
      Set-Cookie:
      - PHPSESSID=7d0228648fe4f2777b26d5992739d0f8; path=/; HttpOnly
      - __cfduid=db30a571c8b7183362e5c1608f639b6181590326668; expires=Tue, 23-Jun-20
        13:24:28 GMT; path=/; domain=.api-us1.com; HttpOnly; SameSite=Lax
      - em_acp_globalauth_cookie=0c9a190e-df9d-4e93-8279-1c1d041333f1; path=/; domain=.mhenrixonconsulting1570091019.api-us1.com;
        secure; httponly
      - em_acp_globalauth_cookie=deleted; expires=Thu, 01-Jan-1970 00:00:01 GMT; Max-Age=0;
        path=/; domain=.mhenrixonconsulting1570091019.api-us1.com
      - em_acp_globalauth_cookie=deleted; expires=Thu, 01-Jan-1970 00:00:01 GMT; Max-Age=0;
        path=/; domain=.mhenrixonconsulting1570091019.api-us1.com
      Cache-Control:
      - no-store, no-cache, must-revalidate
      Expires:
      - Thu, 19 Nov 1981 08:52:00 GMT
      Pragma:
      - no-cache
      X-Envoy-Upstream-Service-Time:
      - '123'
      X-Request-Id:
      - 9afac790-fc21-49ef-a2f7-d80793052c82
      Accept-Ranges:
      - bytes
      Cf-Cache-Status:
      - DYNAMIC
      Expect-Ct:
      - max-age=604800, report-uri="https://report-uri.cloudflare.com/cdn-cgi/beacon/expect-ct"
      Server:
      - cloudflare
      Cf-Ray:
      - 5987564baca5d10d-TXL
      Cf-Request-Id:
      - 02e87443440000d10d5235d200000001
    body:
      encoding: UTF-8
      string: '{"message":"DealCustomFieldData deleted."}'
    http_version: null
  recorded_at: Sun, 24 May 2020 13:24:28 GMT
- request:
    method: delete
    uri: "<API_ENDPOINT>/dealCustomFieldMeta/37"
    body:
      encoding: US-ASCII
      string: ''
    headers:
      User-Agent:
      - ActiveCampaign Ruby Client (v3.0.0)
      Accept:
      - application/json
      Content-Type:
      - application/json
      Api-Token:
      - "<API_KEY>"
      Accept-Encoding:
      - gzip;q=1.0,deflate;q=0.6,identity;q=0.3
  response:
    status:
      code: 200
      message: OK
    headers:
      Date:
      - Sun, 24 May 2020 13:24:28 GMT
      Content-Type:
      - application/json
      Content-Length:
      - '42'
      Connection:
      - keep-alive
      Set-Cookie:
      - PHPSESSID=03561f395a6849b0d20be980b9d93f70; path=/; HttpOnly
      - __cfduid=db740a2c715e65de255fec319b233ef791590326668; expires=Tue, 23-Jun-20
        13:24:28 GMT; path=/; domain=.api-us1.com; HttpOnly; SameSite=Lax
      - em_acp_globalauth_cookie=c78d814d-59bb-4dab-a188-c265d64cfcd5; path=/; domain=.mhenrixonconsulting1570091019.api-us1.com;
        secure; httponly
      - em_acp_globalauth_cookie=deleted; expires=Thu, 01-Jan-1970 00:00:01 GMT; Max-Age=0;
        path=/; domain=.mhenrixonconsulting1570091019.api-us1.com
      - em_acp_globalauth_cookie=deleted; expires=Thu, 01-Jan-1970 00:00:01 GMT; Max-Age=0;
        path=/; domain=.mhenrixonconsulting1570091019.api-us1.com
      Cache-Control:
      - no-store, no-cache, must-revalidate
      Expires:
      - Thu, 19 Nov 1981 08:52:00 GMT
      Pragma:
      - no-cache
      X-Envoy-Upstream-Service-Time:
      - '161'
      X-Request-Id:
      - 95810240-e30d-47c6-b45e-d65fc547f099
      Accept-Ranges:
      - bytes
      Cf-Cache-Status:
      - DYNAMIC
      Expect-Ct:
      - max-age=604800, report-uri="https://report-uri.cloudflare.com/cdn-cgi/beacon/expect-ct"
      Server:
      - cloudflare
      Cf-Ray:
      - 5987564f0d9dd11d-TXL
      Cf-Request-Id:
      - 02e87445620000d11d9e2ba200000001
    body:
      encoding: UTF-8
      string: '{"message":"DealCustomFieldMeta deleted."}'
    http_version: null
  recorded_at: Sun, 24 May 2020 13:24:28 GMT
- request:
    method: delete
    uri: "<API_ENDPOINT>/deals/46"
    body:
      encoding: US-ASCII
      string: ''
    headers:
      User-Agent:
      - ActiveCampaign Ruby Client (v3.0.0)
      Accept:
      - application/json
      Content-Type:
      - application/json
      Api-Token:
      - "<API_KEY>"
      Accept-Encoding:
      - gzip;q=1.0,deflate;q=0.6,identity;q=0.3
  response:
    status:
      code: 200
      message: OK
    headers:
      Date:
      - Sun, 24 May 2020 13:24:29 GMT
      Content-Type:
      - application/json
      Content-Length:
      - '2'
      Connection:
      - keep-alive
      Set-Cookie:
      - PHPSESSID=15acb02e6bc36d51be8207ec7f348f87; path=/; HttpOnly
      - __cfduid=dcaf422b201bfb1395c270436181ada7b1590326669; expires=Tue, 23-Jun-20
        13:24:29 GMT; path=/; domain=.api-us1.com; HttpOnly; SameSite=Lax
      - em_acp_globalauth_cookie=550f3dc0-f438-43a1-b7eb-9b50cb841e08; path=/; domain=.mhenrixonconsulting1570091019.api-us1.com;
        secure; httponly
      - em_acp_globalauth_cookie=deleted; expires=Thu, 01-Jan-1970 00:00:01 GMT; Max-Age=0;
        path=/; domain=.mhenrixonconsulting1570091019.api-us1.com
      - em_acp_globalauth_cookie=deleted; expires=Thu, 01-Jan-1970 00:00:01 GMT; Max-Age=0;
        path=/; domain=.mhenrixonconsulting1570091019.api-us1.com
      Cache-Control:
      - no-store, no-cache, must-revalidate
      Expires:
      - Thu, 19 Nov 1981 08:52:00 GMT
      Pragma:
      - no-cache
      X-Envoy-Upstream-Service-Time:
      - '188'
      X-Request-Id:
      - b192736e-7273-474f-96ae-111608495c6d
      Accept-Ranges:
      - bytes
      Cf-Cache-Status:
      - DYNAMIC
      Expect-Ct:
      - max-age=604800, report-uri="https://report-uri.cloudflare.com/cdn-cgi/beacon/expect-ct"
      Server:
      - cloudflare
      Cf-Ray:
      - 598756531936d0fd-TXL
      Cf-Request-Id:
      - 02e87447ea0000d0fd6c031200000001
    body:
      encoding: UTF-8
      string: "{}"
    http_version: null
  recorded_at: Sun, 24 May 2020 13:24:29 GMT
- request:
    method: delete
    uri: "<API_ENDPOINT>/contacts/123"
    body:
      encoding: US-ASCII
      string: ''
    headers:
      User-Agent:
      - ActiveCampaign Ruby Client (v3.0.0)
      Accept:
      - application/json
      Content-Type:
      - application/json
      Api-Token:
      - "<API_KEY>"
      Accept-Encoding:
      - gzip;q=1.0,deflate;q=0.6,identity;q=0.3
  response:
    status:
      code: 200
      message: OK
    headers:
      Date:
      - Sun, 24 May 2020 13:24:30 GMT
      Content-Type:
      - application/json
      Content-Length:
      - '2'
      Connection:
      - keep-alive
      Set-Cookie:
      - PHPSESSID=fe771a4f73e5637d2718e927ee32cd14; path=/; HttpOnly
      - __cfduid=d3900c4f28ba0a0b456c5a980bd642fda1590326669; expires=Tue, 23-Jun-20
        13:24:29 GMT; path=/; domain=.api-us1.com; HttpOnly; SameSite=Lax
      - em_acp_globalauth_cookie=3f01851a-4ae4-465a-8f4b-6830c55d5f6a; path=/; domain=.mhenrixonconsulting1570091019.api-us1.com;
        secure; httponly
      - em_acp_globalauth_cookie=deleted; expires=Thu, 01-Jan-1970 00:00:01 GMT; Max-Age=0;
        path=/; domain=.mhenrixonconsulting1570091019.api-us1.com
      - em_acp_globalauth_cookie=deleted; expires=Thu, 01-Jan-1970 00:00:01 GMT; Max-Age=0;
        path=/; domain=.mhenrixonconsulting1570091019.api-us1.com
      Cache-Control:
      - no-store, no-cache, must-revalidate
      Expires:
      - Thu, 19 Nov 1981 08:52:00 GMT
      Pragma:
      - no-cache
      X-Envoy-Upstream-Service-Time:
      - '195'
      X-Request-Id:
      - 87bee5b6-1bf1-458a-89fc-761492b80702
      Accept-Ranges:
      - bytes
      Cf-Cache-Status:
      - DYNAMIC
      Expect-Ct:
      - max-age=604800, report-uri="https://report-uri.cloudflare.com/cdn-cgi/beacon/expect-ct"
      Server:
      - cloudflare
      Cf-Ray:
      - 598756568f0bd11d-TXL
      Cf-Request-Id:
      - 02e8744a180000d11d918f6200000001
    body:
      encoding: UTF-8
      string: "{}"
    http_version: null
  recorded_at: Sun, 24 May 2020 13:24:30 GMT
- request:
    method: delete
    uri: "<API_ENDPOINT>/dealGroups/67"
    body:
      encoding: US-ASCII
      string: ''
    headers:
      User-Agent:
      - ActiveCampaign Ruby Client (v3.0.0)
      Accept:
      - application/json
      Content-Type:
      - application/json
      Api-Token:
      - "<API_KEY>"
      Accept-Encoding:
      - gzip;q=1.0,deflate;q=0.6,identity;q=0.3
  response:
    status:
      code: 200
      message: OK
    headers:
      Date:
      - Sun, 24 May 2020 13:24:30 GMT
      Content-Type:
      - application/json
      Content-Length:
      - '2'
      Connection:
      - keep-alive
      Set-Cookie:
      - PHPSESSID=66a20bd7bd6f97dfcdaec24f84ff09a4; path=/; HttpOnly
      - __cfduid=d866862cd5a914e9390b633176464d5691590326670; expires=Tue, 23-Jun-20
        13:24:30 GMT; path=/; domain=.api-us1.com; HttpOnly; SameSite=Lax
      - em_acp_globalauth_cookie=540747b5-a22b-404f-b663-1c74edaf3c52; path=/; domain=.mhenrixonconsulting1570091019.api-us1.com;
        secure; httponly
      - em_acp_globalauth_cookie=deleted; expires=Thu, 01-Jan-1970 00:00:01 GMT; Max-Age=0;
        path=/; domain=.mhenrixonconsulting1570091019.api-us1.com
      - em_acp_globalauth_cookie=deleted; expires=Thu, 01-Jan-1970 00:00:01 GMT; Max-Age=0;
        path=/; domain=.mhenrixonconsulting1570091019.api-us1.com
      Cache-Control:
      - no-store, no-cache, must-revalidate
      Expires:
      - Thu, 19 Nov 1981 08:52:00 GMT
      Pragma:
      - no-cache
      X-Envoy-Upstream-Service-Time:
      - '85'
      X-Request-Id:
      - 5481bc8c-111e-4583-bf89-45e6c7f64611
      Accept-Ranges:
      - bytes
      Cf-Cache-Status:
      - DYNAMIC
      Expect-Ct:
      - max-age=604800, report-uri="https://report-uri.cloudflare.com/cdn-cgi/beacon/expect-ct"
      Server:
      - cloudflare
      Cf-Ray:
      - 598756592a55d121-TXL
      Cf-Request-Id:
      - 02e8744bb40000d121b132e200000001
    body:
      encoding: UTF-8
      string: "{}"
    http_version: null
  recorded_at: Sun, 24 May 2020 13:24:30 GMT
- request:
    method: delete
    uri: "<API_ENDPOINT>/users/75"
    body:
      encoding: US-ASCII
      string: ''
    headers:
      User-Agent:
      - ActiveCampaign Ruby Client (v3.0.0)
      Accept:
      - application/json
      Content-Type:
      - application/json
      Api-Token:
      - "<API_KEY>"
      Accept-Encoding:
      - gzip;q=1.0,deflate;q=0.6,identity;q=0.3
  response:
    status:
      code: 200
      message: OK
    headers:
      Date:
      - Sun, 24 May 2020 13:24:31 GMT
      Content-Type:
      - application/json
      Content-Length:
      - '2'
      Connection:
      - keep-alive
      Set-Cookie:
      - PHPSESSID=fd8d3d72984a9dc769089679263a1175; path=/; HttpOnly
      - __cfduid=dcdd9592db406c9fc8f12e95b77c0b0131590326670; expires=Tue, 23-Jun-20
        13:24:30 GMT; path=/; domain=.api-us1.com; HttpOnly; SameSite=Lax
      - em_acp_globalauth_cookie=cce5f71e-8fdb-476d-89d1-e99f9224a235; path=/; domain=.mhenrixonconsulting1570091019.api-us1.com;
        secure; httponly
      - em_acp_globalauth_cookie=deleted; expires=Thu, 01-Jan-1970 00:00:01 GMT; Max-Age=0;
        path=/; domain=.mhenrixonconsulting1570091019.api-us1.com
      - em_acp_globalauth_cookie=deleted; expires=Thu, 01-Jan-1970 00:00:01 GMT; Max-Age=0;
        path=/; domain=.mhenrixonconsulting1570091019.api-us1.com
      Cache-Control:
      - no-store, no-cache, must-revalidate
      Expires:
      - Thu, 19 Nov 1981 08:52:00 GMT
      Pragma:
      - no-cache
      X-Envoy-Upstream-Service-Time:
      - '417'
      X-Request-Id:
      - 65961f9b-9493-4dc0-94c6-c6ce3ee41a5b
      Accept-Ranges:
      - bytes
      Cf-Cache-Status:
      - DYNAMIC
      Expect-Ct:
      - max-age=604800, report-uri="https://report-uri.cloudflare.com/cdn-cgi/beacon/expect-ct"
      Server:
      - cloudflare
      Cf-Ray:
      - 5987565b0914d105-TXL
      Cf-Request-Id:
      - 02e8744ce70000d1057c886200000001
    body:
      encoding: UTF-8
      string: "{}"
    http_version: null
  recorded_at: Sun, 24 May 2020 13:24:31 GMT
- request:
    method: delete
    uri: "<API_ENDPOINT>/groups/84"
    body:
      encoding: US-ASCII
      string: ''
    headers:
      User-Agent:
      - ActiveCampaign Ruby Client (v3.0.0)
      Accept:
      - application/json
      Content-Type:
      - application/json
      Api-Token:
      - "<API_KEY>"
      Accept-Encoding:
      - gzip;q=1.0,deflate;q=0.6,identity;q=0.3
  response:
    status:
      code: 200
      message: OK
    headers:
      Date:
      - Sun, 24 May 2020 13:24:32 GMT
      Content-Type:
      - application/json
      Content-Length:
      - '2'
      Connection:
      - keep-alive
      Set-Cookie:
      - PHPSESSID=a23728dc73375f9651db46c26708f07f; path=/; HttpOnly
      - __cfduid=dd6d77642276421e8094b3e02b5678d871590326671; expires=Tue, 23-Jun-20
        13:24:31 GMT; path=/; domain=.api-us1.com; HttpOnly; SameSite=Lax
      - em_acp_globalauth_cookie=de2072ea-8fa8-49eb-926f-f5bc5f73ea82; path=/; domain=.mhenrixonconsulting1570091019.api-us1.com;
        secure; httponly
      - em_acp_globalauth_cookie=deleted; expires=Thu, 01-Jan-1970 00:00:01 GMT; Max-Age=0;
        path=/; domain=.mhenrixonconsulting1570091019.api-us1.com
      - em_acp_globalauth_cookie=deleted; expires=Thu, 01-Jan-1970 00:00:01 GMT; Max-Age=0;
        path=/; domain=.mhenrixonconsulting1570091019.api-us1.com
      Cache-Control:
      - no-store, no-cache, must-revalidate
      Expires:
      - Thu, 19 Nov 1981 08:52:00 GMT
      Pragma:
      - no-cache
      X-Envoy-Upstream-Service-Time:
      - '83'
      X-Request-Id:
      - 30ed13a7-5a3b-4682-a9bb-34c8dd2f37c3
      Accept-Ranges:
      - bytes
      Cf-Cache-Status:
      - DYNAMIC
      Expect-Ct:
      - max-age=604800, report-uri="https://report-uri.cloudflare.com/cdn-cgi/beacon/expect-ct"
      Server:
      - cloudflare
      Cf-Ray:
      - 59875662ca68d11d-TXL
      Cf-Request-Id:
      - 02e87451b90000d11da7200200000001
    body:
      encoding: UTF-8
      string: "{}"
    http_version: null
  recorded_at: Sun, 24 May 2020 13:24:32 GMT
recorded_with: VCR 5.1.0
