---
http_interactions:
- request:
    method: post
    uri: "<API_ENDPOINT>/groups"
    body:
      encoding: UTF-8
      string: '{"group":{"title":"Awesome","descript":"My really awesome group"}}'
    headers:
      User-Agent:
      - ActiveCampaign Ruby Client (v3.0.0)
      Accept:
      - application/json
      Content-Type:
      - application/json
      Api-Token:
      - "<API_KEY>"
      Accept-Encoding:
      - gzip;q=1.0,deflate;q=0.6,identity;q=0.3
  response:
    status:
      code: 201
      message: Created
    headers:
      Date:
      - Sun, 24 May 2020 10:16:58 GMT
      Content-Type:
      - application/json
      Content-Length:
      - '720'
      Connection:
      - keep-alive
      Set-Cookie:
      - PHPSESSID=41e69680a9b9e9232a63c4512439aa3c; path=/; HttpOnly
      - __cfduid=d9b0ac3c1ca6f2c87dd3a768713b1151e1590315418; expires=Tue, 23-Jun-20
        10:16:58 GMT; path=/; domain=.api-us1.com; HttpOnly; SameSite=Lax
      - em_acp_globalauth_cookie=72114a30-9798-4feb-a45e-3f736c689063; path=/; domain=.mhenrixonconsulting1570091019.api-us1.com;
        secure; httponly
      - em_acp_globalauth_cookie=deleted; expires=Thu, 01-Jan-1970 00:00:01 GMT; Max-Age=0;
        path=/; domain=.mhenrixonconsulting1570091019.api-us1.com
      - em_acp_globalauth_cookie=deleted; expires=Thu, 01-Jan-1970 00:00:01 GMT; Max-Age=0;
        path=/; domain=.mhenrixonconsulting1570091019.api-us1.com
      Cache-Control:
      - no-store, no-cache, must-revalidate
      Expires:
      - Thu, 19 Nov 1981 08:52:00 GMT
      Pragma:
      - no-cache
      X-Envoy-Upstream-Service-Time:
      - '71'
      X-Request-Id:
      - d588b30c-511a-44a3-8f61-71aa56900478
      Cf-Cache-Status:
      - DYNAMIC
      Expect-Ct:
      - max-age=604800, report-uri="https://report-uri.cloudflare.com/cdn-cgi/beacon/expect-ct"
      Server:
      - cloudflare
      Cf-Ray:
      - 598643a4cd6fd10d-TXL
      Cf-Request-Id:
      - 02e7c89afe0000d10d4695c200000001
    body:
      encoding: UTF-8
      string: '{"group":{"title":"Awesome","descript":"My really awesome group","p_admin":1,"links":{"userGroups":"https:\/\/mhenrixonconsulting1570091019.api-us1.com\/api\/3\/groups\/33\/userGroups","groupLimit":"https:\/\/mhenrixonconsulting1570091019.api-us1.com\/api\/3\/groups\/33\/groupLimit","dealGroupGroups":"https:\/\/mhenrixonconsulting1570091019.api-us1.com\/api\/3\/groups\/33\/dealGroupGroups","listGroups":"https:\/\/mhenrixonconsulting1570091019.api-us1.com\/api\/3\/groups\/33\/listGroups","addressGroups":"https:\/\/mhenrixonconsulting1570091019.api-us1.com\/api\/3\/groups\/33\/addressGroups","automationGroups":"https:\/\/mhenrixonconsulting1570091019.api-us1.com\/api\/3\/groups\/33\/automationGroups"},"id":"33"}}'
    http_version: null
  recorded_at: Sun, 24 May 2020 10:16:58 GMT
- request:
    method: post
    uri: "<API_ENDPOINT>/users"
    body:
      encoding: UTF-8
      string: '{"user":{"username":"hokus","email":"hokus@pokus.de","firstName":"Hokus","lastName":"Pokus","group":"33","password":"hokuspokus"}}'
    headers:
      User-Agent:
      - ActiveCampaign Ruby Client (v3.0.0)
      Accept:
      - application/json
      Content-Type:
      - application/json
      Api-Token:
      - "<API_KEY>"
      Accept-Encoding:
      - gzip;q=1.0,deflate;q=0.6,identity;q=0.3
  response:
    status:
      code: 201
      message: Created
    headers:
      Date:
      - Sun, 24 May 2020 10:16:59 GMT
      Content-Type:
      - application/json
      Content-Length:
      - '1038'
      Connection:
      - keep-alive
      Set-Cookie:
      - PHPSESSID=94ae6ece6d415a8807841f7c7121b665; path=/; HttpOnly
      - __cfduid=dae6e13f68a0ccea43237a0313c763d8c1590315418; expires=Tue, 23-Jun-20
        10:16:58 GMT; path=/; domain=.api-us1.com; HttpOnly; SameSite=Lax
      - em_acp_globalauth_cookie=30f79f17-026b-44e7-9b9b-935ab8780641; path=/; domain=.mhenrixonconsulting1570091019.api-us1.com;
        secure; httponly
      - em_acp_globalauth_cookie=deleted; expires=Thu, 01-Jan-1970 00:00:01 GMT; Max-Age=0;
        path=/; domain=.mhenrixonconsulting1570091019.api-us1.com
      - em_acp_globalauth_cookie=deleted; expires=Thu, 01-Jan-1970 00:00:01 GMT; Max-Age=0;
        path=/; domain=.mhenrixonconsulting1570091019.api-us1.com
      Cache-Control:
      - no-store, no-cache, must-revalidate
      Expires:
      - Thu, 19 Nov 1981 08:52:00 GMT
      Pragma:
      - no-cache
      X-Envoy-Upstream-Service-Time:
      - '361'
      X-Request-Id:
      - c2f5acf9-1135-445b-ba36-ed36c467ac4c
      Cf-Cache-Status:
      - DYNAMIC
      Expect-Ct:
      - max-age=604800, report-uri="https://report-uri.cloudflare.com/cdn-cgi/beacon/expect-ct"
      Server:
      - cloudflare
      Cf-Ray:
      - 598643a69ff7d11d-TXL
      Cf-Request-Id:
      - 02e7c89c1b0000d11da4b05200000001
    body:
      encoding: UTF-8
      string: '{"user":{"username":"hokus","email":"hokus@pokus.de","firstName":"Hokus","lastName":"Pokus","localZoneid":"Europe\/Berlin","cdate":"2020-05-24T05:16:58-05:00","udate":"2020-05-24T05:16:58-05:00","links":{"lists":"https:\/\/mhenrixonconsulting1570091019.api-us1.com\/api\/3\/users\/27\/lists","userGroup":"https:\/\/mhenrixonconsulting1570091019.api-us1.com\/api\/3\/users\/27\/userGroup","dealGroupTotals":"https:\/\/mhenrixonconsulting1570091019.api-us1.com\/api\/3\/users\/27\/dealGroupTotals","dealGroupUsers":"https:\/\/mhenrixonconsulting1570091019.api-us1.com\/api\/3\/users\/27\/dealGroupUsers","configs":"https:\/\/mhenrixonconsulting1570091019.api-us1.com\/api\/3\/users\/27\/configs","dealConnection":"https:\/\/mhenrixonconsulting1570091019.api-us1.com\/api\/3\/users\/27\/dealConnection","userConversationsPermission":"https:\/\/mhenrixonconsulting1570091019.api-us1.com\/api\/3\/users\/27\/userConversationsPermission","seatUser":"https:\/\/mhenrixonconsulting1570091019.api-us1.com\/api\/3\/users\/27\/seatUser"},"id":"27"}}'
    http_version: null
  recorded_at: Sun, 24 May 2020 10:16:59 GMT
- request:
    method: get
    uri: "<API_ENDPOINT>/users"
    body:
      encoding: US-ASCII
      string: ''
    headers:
      User-Agent:
      - ActiveCampaign Ruby Client (v3.0.0)
      Accept:
      - application/json
      Content-Type:
      - application/json
      Api-Token:
      - "<API_KEY>"
      Accept-Encoding:
      - gzip;q=1.0,deflate;q=0.6,identity;q=0.3
  response:
    status:
      code: 200
      message: OK
    headers:
      Date:
      - Sun, 24 May 2020 10:16:59 GMT
      Content-Type:
      - application/json
      Transfer-Encoding:
      - chunked
      Connection:
      - keep-alive
      Set-Cookie:
      - PHPSESSID=85c3e04c20ee38473de72b0ff35a6c49; path=/; HttpOnly
      - __cfduid=dfdfc59f8fa055c61703fd4632fdd1e511590315419; expires=Tue, 23-Jun-20
        10:16:59 GMT; path=/; domain=.api-us1.com; HttpOnly; SameSite=Lax
      - em_acp_globalauth_cookie=0585286e-970c-4d96-a49e-a0123fa7c7ad; path=/; domain=.mhenrixonconsulting1570091019.api-us1.com;
        secure; httponly
      - em_acp_globalauth_cookie=deleted; expires=Thu, 01-Jan-1970 00:00:01 GMT; Max-Age=0;
        path=/; domain=.mhenrixonconsulting1570091019.api-us1.com
      - em_acp_globalauth_cookie=deleted; expires=Thu, 01-Jan-1970 00:00:01 GMT; Max-Age=0;
        path=/; domain=.mhenrixonconsulting1570091019.api-us1.com
      Cache-Control:
      - no-store, no-cache, must-revalidate
      Expires:
      - Thu, 19 Nov 1981 08:52:00 GMT
      Pragma:
      - no-cache
      X-Envoy-Upstream-Service-Time:
      - '72'
      X-Request-Id:
      - e91fbffc-0b2e-4cef-8ecc-4e08e2a48d81
      Cf-Cache-Status:
      - DYNAMIC
      Expect-Ct:
      - max-age=604800, report-uri="https://report-uri.cloudflare.com/cdn-cgi/beacon/expect-ct"
      Server:
      - cloudflare
      Cf-Ray:
      - 598643aac93ad105-TXL
      Cf-Request-Id:
      - 02e7c89ec10000d10579341200000001
    body:
      encoding: ASCII-8BIT
      string: '{"users":[{"username":"admin","firstName":"Mikael","lastName":"Henriksson","email":"mikael@mhenrixon.com","phone":"","signature":"","localZoneid":"Europe\/Berlin","password_updated_utc_timestamp":"0000-00-00
        00:00:00","cdate":null,"udate":null,"mfaEnabled":"0","links":{"lists":"https:\/\/mhenrixonconsulting1570091019.api-us1.com\/api\/3\/users\/1\/lists","userGroup":"https:\/\/mhenrixonconsulting1570091019.api-us1.com\/api\/3\/users\/1\/userGroup","dealGroupTotals":"https:\/\/mhenrixonconsulting1570091019.api-us1.com\/api\/3\/users\/1\/dealGroupTotals","dealGroupUsers":"https:\/\/mhenrixonconsulting1570091019.api-us1.com\/api\/3\/users\/1\/dealGroupUsers","configs":"https:\/\/mhenrixonconsulting1570091019.api-us1.com\/api\/3\/users\/1\/configs","dealConnection":"https:\/\/mhenrixonconsulting1570091019.api-us1.com\/api\/3\/users\/1\/dealConnection","userConversationsPermission":"https:\/\/mhenrixonconsulting1570091019.api-us1.com\/api\/3\/users\/1\/userConversationsPermission","seatUser":"https:\/\/mhenrixonconsulting1570091019.api-us1.com\/api\/3\/users\/1\/seatUser"},"id":"1"},{"username":"hokus","firstName":"Hokus","lastName":"Pokus","email":"hokus@pokus.de","phone":"","signature":null,"localZoneid":"Europe\/Berlin","password_updated_utc_timestamp":null,"cdate":"2020-05-24T05:16:58-05:00","udate":"2020-05-24T05:16:58-05:00","mfaEnabled":"0","links":{"lists":"https:\/\/mhenrixonconsulting1570091019.api-us1.com\/api\/3\/users\/27\/lists","userGroup":"https:\/\/mhenrixonconsulting1570091019.api-us1.com\/api\/3\/users\/27\/userGroup","dealGroupTotals":"https:\/\/mhenrixonconsulting1570091019.api-us1.com\/api\/3\/users\/27\/dealGroupTotals","dealGroupUsers":"https:\/\/mhenrixonconsulting1570091019.api-us1.com\/api\/3\/users\/27\/dealGroupUsers","configs":"https:\/\/mhenrixonconsulting1570091019.api-us1.com\/api\/3\/users\/27\/configs","dealConnection":"https:\/\/mhenrixonconsulting1570091019.api-us1.com\/api\/3\/users\/27\/dealConnection","userConversationsPermission":"https:\/\/mhenrixonconsulting1570091019.api-us1.com\/api\/3\/users\/27\/userConversationsPermission","seatUser":"https:\/\/mhenrixonconsulting1570091019.api-us1.com\/api\/3\/users\/27\/seatUser"},"id":"27"}],"meta":{"total":"2"}}'
    http_version: null
  recorded_at: Sun, 24 May 2020 10:16:59 GMT
- request:
    method: delete
    uri: "<API_ENDPOINT>/users/27"
    body:
      encoding: US-ASCII
      string: ''
    headers:
      User-Agent:
      - ActiveCampaign Ruby Client (v3.0.0)
      Accept:
      - application/json
      Content-Type:
      - application/json
      Api-Token:
      - "<API_KEY>"
      Accept-Encoding:
      - gzip;q=1.0,deflate;q=0.6,identity;q=0.3
  response:
    status:
      code: 200
      message: OK
    headers:
      Date:
      - Sun, 24 May 2020 10:17:00 GMT
      Content-Type:
      - application/json
      Content-Length:
      - '2'
      Connection:
      - keep-alive
      Set-Cookie:
      - PHPSESSID=caa35a49f26e65141891b6942d317ade; path=/; HttpOnly
      - __cfduid=d9a79536795212ffaed69c67b5241d7b11590315419; expires=Tue, 23-Jun-20
        10:16:59 GMT; path=/; domain=.api-us1.com; HttpOnly; SameSite=Lax
      - em_acp_globalauth_cookie=c8523e73-745e-4265-bd36-e1f9684ce029; path=/; domain=.mhenrixonconsulting1570091019.api-us1.com;
        secure; httponly
      - em_acp_globalauth_cookie=deleted; expires=Thu, 01-Jan-1970 00:00:01 GMT; Max-Age=0;
        path=/; domain=.mhenrixonconsulting1570091019.api-us1.com
      - em_acp_globalauth_cookie=deleted; expires=Thu, 01-Jan-1970 00:00:01 GMT; Max-Age=0;
        path=/; domain=.mhenrixonconsulting1570091019.api-us1.com
      Cache-Control:
      - no-store, no-cache, must-revalidate
      Expires:
      - Thu, 19 Nov 1981 08:52:00 GMT
      Pragma:
      - no-cache
      X-Envoy-Upstream-Service-Time:
      - '279'
      X-Request-Id:
      - 573714d0-e9df-4ef3-97a0-bece0cc95c9c
      Accept-Ranges:
      - bytes
      Cf-Cache-Status:
      - DYNAMIC
      Expect-Ct:
      - max-age=604800, report-uri="https://report-uri.cloudflare.com/cdn-cgi/beacon/expect-ct"
      Server:
      - cloudflare
      Cf-Ray:
      - 598643aea9a0d10d-TXL
      Cf-Request-Id:
      - 02e7c8a12d0000d10d4b35b200000001
    body:
      encoding: UTF-8
      string: "{}"
    http_version: null
  recorded_at: Sun, 24 May 2020 10:17:00 GMT
- request:
    method: delete
    uri: "<API_ENDPOINT>/groups/33"
    body:
      encoding: US-ASCII
      string: ''
    headers:
      User-Agent:
      - ActiveCampaign Ruby Client (v3.0.0)
      Accept:
      - application/json
      Content-Type:
      - application/json
      Api-Token:
      - "<API_KEY>"
      Accept-Encoding:
      - gzip;q=1.0,deflate;q=0.6,identity;q=0.3
  response:
    status:
      code: 200
      message: OK
    headers:
      Date:
      - Sun, 24 May 2020 10:17:00 GMT
      Content-Type:
      - application/json
      Content-Length:
      - '2'
      Connection:
      - keep-alive
      Set-Cookie:
      - PHPSESSID=7d749406ba338a3e611700416e894159; path=/; HttpOnly
      - __cfduid=dfc250da2daba260986a08fc25c6776cf1590315420; expires=Tue, 23-Jun-20
        10:17:00 GMT; path=/; domain=.api-us1.com; HttpOnly; SameSite=Lax
      - em_acp_globalauth_cookie=1fb90c1c-a650-449c-8ded-3d59bdcca464; path=/; domain=.mhenrixonconsulting1570091019.api-us1.com;
        secure; httponly
      - em_acp_globalauth_cookie=deleted; expires=Thu, 01-Jan-1970 00:00:01 GMT; Max-Age=0;
        path=/; domain=.mhenrixonconsulting1570091019.api-us1.com
      - em_acp_globalauth_cookie=deleted; expires=Thu, 01-Jan-1970 00:00:01 GMT; Max-Age=0;
        path=/; domain=.mhenrixonconsulting1570091019.api-us1.com
      Cache-Control:
      - no-store, no-cache, must-revalidate
      Expires:
      - Thu, 19 Nov 1981 08:52:00 GMT
      Pragma:
      - no-cache
      X-Envoy-Upstream-Service-Time:
      - '85'
      X-Request-Id:
      - 84f99e5c-02df-4070-bd3d-66154beac3f2
      Accept-Ranges:
      - bytes
      Cf-Cache-Status:
      - DYNAMIC
      Expect-Ct:
      - max-age=604800, report-uri="https://report-uri.cloudflare.com/cdn-cgi/beacon/expect-ct"
      Server:
      - cloudflare
      Cf-Ray:
      - 598643b27f91d0fd-TXL
      Cf-Request-Id:
      - 02e7c8a3870000d0fd5e3fa200000001
    body:
      encoding: UTF-8
      string: "{}"
    http_version: null
  recorded_at: Sun, 24 May 2020 10:17:00 GMT
recorded_with: VCR 5.1.0
