---
http_interactions:
- request:
    method: post
    uri: "<API_ENDPOINT>/contacts"
    body:
      encoding: UTF-8
      string: '{"contact":{"email":"mikael@mhenrixon.com","firstName":"Mikael","lastName":"Henriksson","phone":"+491735728523"}}'
    headers:
      User-Agent:
      - ActiveCampaign Ruby Client (v3.0.0)
      Accept:
      - application/json
      Content-Type:
      - application/json
      Api-Token:
      - "<API_KEY>"
      Accept-Encoding:
      - gzip;q=1.0,deflate;q=0.6,identity;q=0.3
  response:
    status:
      code: 201
      message: Created
    headers:
      Date:
      - Sun, 24 May 2020 10:16:44 GMT
      Content-Type:
      - application/json
      Content-Length:
      - '2152'
      Connection:
      - keep-alive
      Set-Cookie:
      - PHPSESSID=52b16c5ec1ad878aef09c833a08c249c; path=/; HttpOnly
      - __cfduid=dbcfe8cf58470b6d9842a4daed621519c1590315404; expires=Tue, 23-Jun-20
        10:16:44 GMT; path=/; domain=.api-us1.com; HttpOnly; SameSite=Lax
      - em_acp_globalauth_cookie=260a7023-5927-4c03-be0d-f6f304ae8b90; path=/; domain=.mhenrixonconsulting1570091019.api-us1.com;
        secure; httponly
      - em_acp_globalauth_cookie=deleted; expires=Thu, 01-Jan-1970 00:00:01 GMT; Max-Age=0;
        path=/; domain=.mhenrixonconsulting1570091019.api-us1.com
      - em_acp_globalauth_cookie=deleted; expires=Thu, 01-Jan-1970 00:00:01 GMT; Max-Age=0;
        path=/; domain=.mhenrixonconsulting1570091019.api-us1.com
      Access-Control-Allow-Headers:
      - Content-Type, origin, x-requested-with
      Access-Control-Allow-Methods:
      - POST, GET
      Access-Control-Allow-Origin:
      - "*"
      Cache-Control:
      - no-store, no-cache, must-revalidate
      Expires:
      - Thu, 19 Nov 1981 08:52:00 GMT
      Pragma:
      - no-cache
      X-Content-Type-Options:
      - nosniff
      X-Envoy-Upstream-Service-Time:
      - '173'
      X-Request-Id:
      - b42c1aca-6969-46f9-8a41-328299a68dc2
      Cf-Cache-Status:
      - DYNAMIC
      Expect-Ct:
      - max-age=604800, report-uri="https://report-uri.cloudflare.com/cdn-cgi/beacon/expect-ct"
      Server:
      - cloudflare
      Cf-Ray:
      - 5986434eb9e92d45-TXL
      Cf-Request-Id:
      - 02e7c8652f00002d450b367200000001
    body:
      encoding: UTF-8
      string: '{"contact":{"email":"mikael@mhenrixon.com","phone":"+491735728523","firstName":"Mikael","lastName":"Henriksson","cdate":"2020-05-24T05:16:44-05:00","udate":"2020-05-24T05:16:44-05:00","orgid":"","orgname":"","links":{"bounceLogs":"https:\/\/mhenrixonconsulting1570091019.api-us1.com\/api\/3\/contacts\/81\/bounceLogs","contactAutomations":"https:\/\/mhenrixonconsulting1570091019.api-us1.com\/api\/3\/contacts\/81\/contactAutomations?limit=1000&orders%5Blastdate%5D=DESC","contactData":"https:\/\/mhenrixonconsulting1570091019.api-us1.com\/api\/3\/contacts\/81\/contactData","contactGoals":"https:\/\/mhenrixonconsulting1570091019.api-us1.com\/api\/3\/contacts\/81\/contactGoals","contactLists":"https:\/\/mhenrixonconsulting1570091019.api-us1.com\/api\/3\/contacts\/81\/contactLists","contactLogs":"https:\/\/mhenrixonconsulting1570091019.api-us1.com\/api\/3\/contacts\/81\/contactLogs","contactTags":"https:\/\/mhenrixonconsulting1570091019.api-us1.com\/api\/3\/contacts\/81\/contactTags","contactDeals":"https:\/\/mhenrixonconsulting1570091019.api-us1.com\/api\/3\/contacts\/81\/contactDeals","deals":"https:\/\/mhenrixonconsulting1570091019.api-us1.com\/api\/3\/contacts\/81\/deals","fieldValues":"https:\/\/mhenrixonconsulting1570091019.api-us1.com\/api\/3\/contacts\/81\/fieldValues","geoIps":"https:\/\/mhenrixonconsulting1570091019.api-us1.com\/api\/3\/contacts\/81\/geoIps","notes":"https:\/\/mhenrixonconsulting1570091019.api-us1.com\/api\/3\/contacts\/81\/notes","organization":"https:\/\/mhenrixonconsulting1570091019.api-us1.com\/api\/3\/contacts\/81\/organization","plusAppend":"https:\/\/mhenrixonconsulting1570091019.api-us1.com\/api\/3\/contacts\/81\/plusAppend","trackingLogs":"https:\/\/mhenrixonconsulting1570091019.api-us1.com\/api\/3\/contacts\/81\/trackingLogs","scoreValues":"https:\/\/mhenrixonconsulting1570091019.api-us1.com\/api\/3\/contacts\/81\/scoreValues","accountContacts":"https:\/\/mhenrixonconsulting1570091019.api-us1.com\/api\/3\/contacts\/81\/accountContacts","automationEntryCounts":"https:\/\/mhenrixonconsulting1570091019.api-us1.com\/api\/3\/contacts\/81\/automationEntryCounts"},"id":"81","organization":""}}'
    http_version: null
  recorded_at: Sun, 24 May 2020 10:16:45 GMT
- request:
    method: get
    uri: "<API_ENDPOINT>/contacts"
    body:
      encoding: US-ASCII
      string: ''
    headers:
      User-Agent:
      - ActiveCampaign Ruby Client (v3.0.0)
      Accept:
      - application/json
      Content-Type:
      - application/json
      Api-Token:
      - "<API_KEY>"
      Accept-Encoding:
      - gzip;q=1.0,deflate;q=0.6,identity;q=0.3
  response:
    status:
      code: 200
      message: OK
    headers:
      Date:
      - Sun, 24 May 2020 10:16:45 GMT
      Content-Type:
      - application/json
      Transfer-Encoding:
      - chunked
      Connection:
      - keep-alive
      Set-Cookie:
      - PHPSESSID=ea655537c6bb79039a7437239b8064aa; path=/; HttpOnly
      - __cfduid=d2b2e6a2b5872a4fc695bfdc490831abd1590315405; expires=Tue, 23-Jun-20
        10:16:45 GMT; path=/; domain=.api-us1.com; HttpOnly; SameSite=Lax
      - em_acp_globalauth_cookie=deleted; expires=Thu, 01-Jan-1970 00:00:01 GMT; Max-Age=0;
        path=/; domain=.mhenrixonconsulting1570091019.api-us1.com
      - em_acp_globalauth_cookie=deleted; expires=Thu, 01-Jan-1970 00:00:01 GMT; Max-Age=0;
        path=/; domain=.mhenrixonconsulting1570091019.api-us1.com
      - em_acp_globalauth_cookie=ed1bfdf1-b06d-43e2-be50-39f5d99a6b9e; path=/; domain=.mhenrixonconsulting1570091019.api-us1.com;
        secure; httponly
      Access-Control-Allow-Headers:
      - Content-Type, origin, x-requested-with
      Access-Control-Allow-Methods:
      - POST, GET
      Access-Control-Allow-Origin:
      - "*"
      Cache-Control:
      - no-store, no-cache, must-revalidate
      Expires:
      - Thu, 19 Nov 1981 08:52:00 GMT
      Pragma:
      - no-cache
      X-Content-Type-Options:
      - nosniff
      X-Envoy-Upstream-Service-Time:
      - '94'
      X-Request-Id:
      - 46419063-ff2b-4500-a17f-aa5218e99f0b
      Cf-Cache-Status:
      - DYNAMIC
      Expect-Ct:
      - max-age=604800, report-uri="https://report-uri.cloudflare.com/cdn-cgi/beacon/expect-ct"
      Server:
      - cloudflare
      Cf-Ray:
      - 59864351de4e2d6f-TXL
      Cf-Request-Id:
      - 02e7c8672700002d6fa92f3200000001
    body:
      encoding: ASCII-8BIT
      string: '{"scoreValues":[],"contacts":[{"cdate":"2020-05-24T05:16:44-05:00","email":"mikael@mhenrixon.com","phone":"+491735728523","firstName":"Mikael","lastName":"Henriksson","orgid":"0","orgname":"","segmentio_id":"","bounced_hard":"0","bounced_soft":"0","bounced_date":null,"ip":"0","ua":null,"hash":"0be6f03f0aa186a65b90562bde7726ad","socialdata_lastcheck":null,"email_local":"","email_domain":"","sentcnt":"0","rating_tstamp":null,"gravatar":"0","deleted":"0","anonymized":"0","adate":null,"udate":"2020-05-24T05:16:44-05:00","edate":null,"deleted_at":null,"created_utc_timestamp":"2020-05-24
        05:16:44","updated_utc_timestamp":"2020-05-24 05:16:44","created_timestamp":"2020-05-24
        05:16:44","updated_timestamp":"2020-05-24 05:16:44","created_by":null,"updated_by":null,"scoreValues":[],"accountContacts":[],"links":{"bounceLogs":"https:\/\/mhenrixonconsulting1570091019.api-us1.com\/api\/3\/contacts\/81\/bounceLogs","contactAutomations":"https:\/\/mhenrixonconsulting1570091019.api-us1.com\/api\/3\/contacts\/81\/contactAutomations?limit=1000&orders%5Blastdate%5D=DESC","contactData":"https:\/\/mhenrixonconsulting1570091019.api-us1.com\/api\/3\/contacts\/81\/contactData","contactGoals":"https:\/\/mhenrixonconsulting1570091019.api-us1.com\/api\/3\/contacts\/81\/contactGoals","contactLists":"https:\/\/mhenrixonconsulting1570091019.api-us1.com\/api\/3\/contacts\/81\/contactLists","contactLogs":"https:\/\/mhenrixonconsulting1570091019.api-us1.com\/api\/3\/contacts\/81\/contactLogs","contactTags":"https:\/\/mhenrixonconsulting1570091019.api-us1.com\/api\/3\/contacts\/81\/contactTags","contactDeals":"https:\/\/mhenrixonconsulting1570091019.api-us1.com\/api\/3\/contacts\/81\/contactDeals","deals":"https:\/\/mhenrixonconsulting1570091019.api-us1.com\/api\/3\/contacts\/81\/deals","fieldValues":"https:\/\/mhenrixonconsulting1570091019.api-us1.com\/api\/3\/contacts\/81\/fieldValues","geoIps":"https:\/\/mhenrixonconsulting1570091019.api-us1.com\/api\/3\/contacts\/81\/geoIps","notes":"https:\/\/mhenrixonconsulting1570091019.api-us1.com\/api\/3\/contacts\/81\/notes","organization":"https:\/\/mhenrixonconsulting1570091019.api-us1.com\/api\/3\/contacts\/81\/organization","plusAppend":"https:\/\/mhenrixonconsulting1570091019.api-us1.com\/api\/3\/contacts\/81\/plusAppend","trackingLogs":"https:\/\/mhenrixonconsulting1570091019.api-us1.com\/api\/3\/contacts\/81\/trackingLogs","scoreValues":"https:\/\/mhenrixonconsulting1570091019.api-us1.com\/api\/3\/contacts\/81\/scoreValues","accountContacts":"https:\/\/mhenrixonconsulting1570091019.api-us1.com\/api\/3\/contacts\/81\/accountContacts","automationEntryCounts":"https:\/\/mhenrixonconsulting1570091019.api-us1.com\/api\/3\/contacts\/81\/automationEntryCounts"},"id":"81","organization":null}],"meta":{"total":"1","sortable":true,"page_input":{"segmentid":0,"formid":0,"listid":0,"tagid":0,"limit":20,"offset":0,"search":null,"sort":null,"seriesid":0,"waitid":0,"status":-1,"forceQuery":0,"cacheid":"e70b7a358777e6fae744d303c465c3be"}}}'
    http_version: null
  recorded_at: Sun, 24 May 2020 10:16:45 GMT
- request:
    method: delete
    uri: "<API_ENDPOINT>/contacts/81"
    body:
      encoding: US-ASCII
      string: ''
    headers:
      User-Agent:
      - ActiveCampaign Ruby Client (v3.0.0)
      Accept:
      - application/json
      Content-Type:
      - application/json
      Api-Token:
      - "<API_KEY>"
      Accept-Encoding:
      - gzip;q=1.0,deflate;q=0.6,identity;q=0.3
  response:
    status:
      code: 200
      message: OK
    headers:
      Date:
      - Sun, 24 May 2020 10:16:46 GMT
      Content-Type:
      - application/json
      Content-Length:
      - '2'
      Connection:
      - keep-alive
      Set-Cookie:
      - PHPSESSID=3edb7db43c6e107050aee15e8304a411; path=/; HttpOnly
      - __cfduid=d28bbfb5f7ffdc0ab97fcc872ef43c0cd1590315405; expires=Tue, 23-Jun-20
        10:16:45 GMT; path=/; domain=.api-us1.com; HttpOnly; SameSite=Lax
      - em_acp_globalauth_cookie=9e5da3b3-8bb3-4745-a78f-10430d1eb2e6; path=/; domain=.mhenrixonconsulting1570091019.api-us1.com;
        secure; httponly
      - em_acp_globalauth_cookie=deleted; expires=Thu, 01-Jan-1970 00:00:01 GMT; Max-Age=0;
        path=/; domain=.mhenrixonconsulting1570091019.api-us1.com
      - em_acp_globalauth_cookie=deleted; expires=Thu, 01-Jan-1970 00:00:01 GMT; Max-Age=0;
        path=/; domain=.mhenrixonconsulting1570091019.api-us1.com
      Cache-Control:
      - no-store, no-cache, must-revalidate
      Expires:
      - Thu, 19 Nov 1981 08:52:00 GMT
      Pragma:
      - no-cache
      X-Envoy-Upstream-Service-Time:
      - '852'
      X-Request-Id:
      - 8ef41474-7506-40d6-9838-d14bfcfb9f2d
      Accept-Ranges:
      - bytes
      Cf-Cache-Status:
      - DYNAMIC
      Expect-Ct:
      - max-age=604800, report-uri="https://report-uri.cloudflare.com/cdn-cgi/beacon/expect-ct"
      Server:
      - cloudflare
      Cf-Ray:
      - 598643565b142d93-TXL
      Cf-Request-Id:
      - 02e7c869fb00002d93a40ef200000001
    body:
      encoding: UTF-8
      string: "{}"
    http_version: null
  recorded_at: Sun, 24 May 2020 10:16:46 GMT
recorded_with: VCR 5.1.0
